// Jest Snapshot v1, https://goo.gl/fbAQLP

exports[`Given a Login function When is rendered Should Login match the snapshot 1`] = `
<View
  style={
    Object {
      "flex": 1,
    }
  }
>
  <View
    style={
      Object {
        "flex": 0.5,
      }
    }
  >
    <View
      accessibilityIgnoresInvertColors={true}
      style={
        Object {
          "height": "100%",
          "width": "100%",
        }
      }
    >
      <Image
        source={
          Object {
            "testUri": "../../../src/assets/images/wave.png",
          }
        }
        style={
          Array [
            Object {
              "bottom": 0,
              "left": 0,
              "position": "absolute",
              "right": 0,
              "top": 0,
            },
            Object {
              "height": "100%",
              "width": "100%",
            },
            undefined,
          ]
        }
      />
      <Image
        source={
          Object {
            "testUri": "../../../src/assets/images/wag-logo.png",
          }
        }
        style={
          Object {
            "resizeMode": "contain",
            "width": "60%",
          }
        }
      />
    </View>
  </View>
  <View
    style={
      Object {
        "alignItems": "center",
        "justifyContent": "center",
      }
    }
  >
    <Text
      style={
        Object {
          "fontSize": 38,
          "padding": 35,
          "textAlign": "left",
        }
      }
    >
      Login
    </Text>
  </View>
  <View
    style={
      Object {
        "flex": 0.5,
      }
    }
  >
    <TextInput
      allowFontScaling={true}
      autoCapitalize="none"
      placeholder="Email"
      placeholderTextColor="#7B7F9E"
      rejectResponderTermination={true}
      style={
        Object {
          "borderBottomWidth": 1,
          "borderColor": "#0594e3",
          "borderLeftWidth": 1,
          "borderRadius": 5,
          "borderRightWidth": 1,
          "borderTopWidth": 1,
          "borderWidth": 1,
          "height": 40,
          "marginBottom": 15,
          "marginLeft": 15,
          "marginRight": 15,
          "padding": 8,
        }
      }
      underlineColorAndroid="transparent"
    />
    <TextInput
      allowFontScaling={true}
      autoCapitalize="none"
      placeholder="Password"
      placeholderTextColor="#7B7F9E"
      rejectResponderTermination={true}
      secureTextEntry={true}
      style={
        Object {
          "borderBottomWidth": 1,
          "borderColor": "#0594e3",
          "borderLeftWidth": 1,
          "borderRadius": 5,
          "borderRightWidth": 1,
          "borderTopWidth": 1,
          "borderWidth": 1,
          "height": 40,
          "marginBottom": 15,
          "marginLeft": 15,
          "marginRight": 15,
          "padding": 8,
        }
      }
      underlineColorAndroid="transparent"
    />
    <View
      accessible={true}
      focusable={false}
      onClick={[Function]}
      onResponderGrant={[Function]}
      onResponderMove={[Function]}
      onResponderRelease={[Function]}
      onResponderTerminate={[Function]}
      onResponderTerminationRequest={[Function]}
      onStartShouldSetResponder={[Function]}
      style={
        Object {
          "backgroundColor": "#0534e3",
          "borderRadius": 5,
          "height": 40,
          "margin": 15,
          "opacity": 1,
          "padding": 10,
        }
      }
    >
      <Text
        style={
          Object {
            "color": "#fff",
            "textAlign": "center",
          }
        }
      >
         Send 
      </Text>
    </View>
  </View>
</View>
`;
