// Jest Snapshot v1, https://goo.gl/fbAQLP

exports[`Given a Landing function When is rendered Should Landing match the snapshot  1`] = `
<View>
  <View>
    <Image
      source={1}
    />
  </View>
  <View
    style={
      Object {
        "marginTop": 40,
        "paddingLeft": 20,
        "paddingRight": 20,
      }
    }
  >
    <Text
      style={
        Array [
          Object {
            "fontFamily": "interExtraLight",
          },
          Object {
            "color": "black",
            "fontSize": 20,
            "textAlign": "left",
          },
        ]
      }
    >
      Welcome to
    </Text>
    <Text
      style={
        Array [
          Object {
            "fontFamily": "barlowLight",
          },
          Object {
            "fontSize": 65,
            "paddingBottom": 5,
            "textAlign": "left",
          },
        ]
      }
    >
      WAG
    </Text>
    <Text
      style={
        Array [
          Object {
            "fontFamily": "interSemiBold",
          },
          Object {
            "color": "#7B7F9E",
            "fontSize": 14,
            "textAlign": "left",
          },
        ]
      }
    >
      The platform to store and share digital material! Do not lose anything!
    </Text>
    <Text
      style={
        Array [
          Object {
            "fontFamily": "interSemiBold",
          },
          Object {
            "color": "#7B7F9E",
            "fontSize": 14,
            "textAlign": "left",
          },
        ]
      }
    >
      Join For Free
    </Text>
    <View
      style={
        Object {
          "alignItems": "center",
          "flexDirection": "row",
          "justifyContent": "center",
          "marginRight": 10,
          "marginTop": 50,
        }
      }
    >
      <View
        accessible={true}
        focusable={true}
        onClick={[Function]}
        onResponderGrant={[Function]}
        onResponderMove={[Function]}
        onResponderRelease={[Function]}
        onResponderTerminate={[Function]}
        onResponderTerminationRequest={[Function]}
        onStartShouldSetResponder={[Function]}
        style={
          Object {
            "opacity": 1,
          }
        }
        testID="login"
      >
        <Text
          style={
            Array [
              Object {
                "fontFamily": "interBold",
              },
              Object {
                "color": "#567DF4",
                "fontSize": 16,
              },
            ]
          }
        >
           I have an account 
        </Text>
      </View>
      <View
        accessible={true}
        focusable={true}
        onClick={[Function]}
        onResponderGrant={[Function]}
        onResponderMove={[Function]}
        onResponderRelease={[Function]}
        onResponderTerminate={[Function]}
        onResponderTerminationRequest={[Function]}
        onStartShouldSetResponder={[Function]}
        style={
          Object {
            "alignItems": "center",
            "backgroundColor": "#567DF4",
            "borderRadius": 5,
            "height": 40,
            "justifyContent": "center",
            "marginLeft": 10,
            "opacity": 1,
          }
        }
        testID="register"
      >
        <Text
          style={
            Object {
              "color": "#fff",
              "fontFamily": "interSemiBold",
              "fontSize": 18,
              "padding": 20,
              "textAlign": "center",
            }
          }
        >
           Sing up 
        </Text>
      </View>
    </View>
  </View>
</View>
`;
